// Jest Snapshot v1, https://goo.gl/fbAQLP

exports[`<Base /> should render menu, footer and children 1`] = `
<main
  class=""
>
  <h1>
    Base
  </h1>
</main>
`;

exports[`<Base /> should render the heading 1`] = `
<main
  class=""
>
  <h1>
    Base
  </h1>
</main>
`;
